11-10 18:44:24.046  1490  3715 I ActivityManager: Start proc 25507:io.castle.android.sample/u0a128 for activity io.castle.android.sample/.MainActivity
11-10 18:44:24.046  1353  2153 D gralloc : Registering a buffer in the process that created it. This may cause memory ordering problems.
11-10 18:44:24.047  1490  3613 W ActivityManager: Finishing task with all activities already finished
11-10 18:44:24.047  1490  3613 W ActivityManager: Duplicate finish request for ActivityRecord{8484530 u0 com.farmerbb.taskbar.androidx86/com.farmerbb.taskbar.activity.InvisibleActivity t207 f}
11-10 18:44:24.057 25507 25507 W zygote64: Unexpected CPU variant for X86 using defaults: x86_64
11-10 18:44:24.073 25507 25507 I LSPosed : Start to install inline hooks
11-10 18:44:24.073 25507 25507 I LSPosed : Using api level 27
11-10 18:44:24.073 25507 25507 I LSPosed : Start to install Riru hook
11-10 18:44:24.079  1490  3715 I WifiService: getConnectionInfo uid=10031
11-10 18:44:24.079  1490  3715 D WifiPermissionsUtil: Denied: no location permission
11-10 18:44:24.079  1490  3715 D WifiPermissionsUtil: Denied: caller is not the current USE_OPEN_WIFI_PACKAGE
11-10 18:44:24.081 25507 25507 I LSPosed : Riru hooks installed
11-10 18:44:24.081 25507 25507 I LSPosed : ART hooks installed
11-10 18:44:24.125  1353  2153 D gralloc : Registering a buffer in the process that created it. This may cause memory ordering problems.
11-10 18:44:24.154 25507 25507 I LSPosed : Loading modules for io.castle.android.sample
11-10 18:44:24.154 25507 25507 I LSPosed-Bridge: Loading modules from /data/app/eu.faircode.xlua-7ioW95Ag_X2qbirD-nIPRw==/base.apk
11-10 18:44:24.154 25507 25507 W zygote64: Unsupported class loader
11-10 18:44:24.155 25507 25507 W zygote64: Skipping duplicate class check due to unsupported classloader
11-10 18:44:24.181  1490  3715 I WifiService: getConnectionInfo uid=10031
11-10 18:44:24.181  1490  3715 D WifiPermissionsUtil: Denied: no location permission
11-10 18:44:24.181  1490  3715 D WifiPermissionsUtil: Denied: caller is not the current USE_OPEN_WIFI_PACKAGE
11-10 18:44:24.286  1490  3715 I WifiService: getConnectionInfo uid=10031
11-10 18:44:24.286  1490  3715 D WifiPermissionsUtil: Denied: no location permission
11-10 18:44:24.286  1490  3715 D WifiPermissionsUtil: Denied: caller is not the current USE_OPEN_WIFI_PACKAGE
11-10 18:44:24.329 25507 25516 I zygote64: Do partial code cache collection, code=30KB, data=17KB
11-10 18:44:24.329 25507 25516 I zygote64: After code cache collection, code=30KB, data=17KB
11-10 18:44:24.329 25507 25516 I zygote64: Increasing code cache capacity to 128KB
11-10 18:44:24.360  1490  1559 I InputDispatcher: Dropping event because there is no touchable window at (751, 270).
11-10 18:44:24.367 25299 25299 D ViewRootImpl[AllInOneActivity]: updatePointerIcon called with position out of bounds
11-10 18:44:24.379  1490  1559 I InputDispatcher: Dropping event because there is no touchable window at (897, 272).
11-10 18:44:24.381 25507 25507 I LSPosed-Bridge:   Loading class eu.faircode.xlua.XLua
11-10 18:44:24.383 25507 25507 I XLua.XCoreStartup: initZygote system=false debug=false
11-10 18:44:24.389  1490  3613 I WifiService: getConnectionInfo uid=10031
11-10 18:44:24.389  1490  3613 D WifiPermissionsUtil: Denied: no location permission
11-10 18:44:24.389  1490  3613 D WifiPermissionsUtil: Denied: caller is not the current USE_OPEN_WIFI_PACKAGE
11-10 18:44:24.397  1490  1559 I InputDispatcher: Dropping event because there is no touchable window at (971, 275).
11-10 18:44:24.409  1490  1490 I Binder:1490_D: type=1400 audit(0.0:3402): avc: denied { write } for name="timerslack_ns" dev="proc" ino=345463 scontext=u:r:system_server:s0 tcontext=u:r:untrusted_app:s0:c512,c768 tclass=file permissive=1
11-10 18:44:24.430  1353  1928 D gralloc : Registering a buffer in the process that created it. This may cause memory ordering problems.
11-10 18:44:24.432 25507 25507 I XLua.XCoreStartup: Loaded io.castle.android.sample:10128
11-10 18:44:24.432 25507 25507 I LSPosed-Bridge: XLua.XCoreStartup Loaded io.castle.android.sample:10128
11-10 18:44:24.440 25507 25507 I XLua.XLua: Class=eu.faircode.xlua.XLua
11-10 18:44:24.440 25507 25507 I XLua.XLua: Method=hookPackage
11-10 18:44:24.440 25507 25507 I XLua.XLua: Message=pkg [io.castle.android.sample] key [2a5525c9-ed27-453a-bd63-8fe8d6fb9da6]
11-10 18:44:24.442  1490  1902 I XLua.DatabaseQuerySnake: query,  table=setting
11-10 18:44:24.442  1490  1902 I XLua.DatabaseQuerySnake: query,  table=assignment
11-10 18:44:24.486  1490  1905 I XLua.DatabaseQuerySnake: query,  table=setting
11-10 18:44:24.487 25507 25507 I XLua.XLua: Class=eu.faircode.xlua.XLua
11-10 18:44:24.487 25507 25507 I XLua.XLua: Method=hookPackage
11-10 18:44:24.487 25507 25507 I XLua.XLua: Message=pkg [io.castle.android.sample] uid [10128] hook size [379]
11-10 18:44:24.492  1490  1908 I XLua.DatabaseQuerySnake: query,  table=setting
11-10 18:44:24.495  1490  1913 I XLua.DatabaseQuerySnake: query,  table=setting
11-10 18:44:24.496  1490  3613 I WifiService: getConnectionInfo uid=10031
11-10 18:44:24.497  1490  3613 D WifiPermissionsUtil: Denied: no location permission
11-10 18:44:24.497  1490  3613 D WifiPermissionsUtil: Denied: caller is not the current USE_OPEN_WIFI_PACKAGE
11-10 18:44:24.502 25507 25507 I XLua.MockPropPacket:  data within => code=8 user=10128 category=io.castle.android.sample (params) user=10128 category=io.castle.android.sample onlygetmodifed=true
11-10 18:44:24.502 25507 25507 I XLua.UserID: Entering Selection Args Generation: flags=0 tostring=  user=10128 category=io.castle.android.sample code=8 name=null setting=null value=null code=8
11-10 18:44:24.504  1490  1961 I XLua.UserID: entering read selection =3 flags=0
11-10 18:44:24.504  1490  1961 I XLua.MockPropProvider: Entering [getSettingsForPackage] packet= user=0 category=io.castle.android.sample code=8 name=null setting=null value=null code=8
11-10 18:44:24.504  1490  1961 I XLua.MockPropProvider: [getSettingsForPackage] db=mock.db user=0 pkg=io.castle.android.sample all=false
11-10 18:44:24.504  1490  1961 I XLua.DatabaseQuerySnake: query,  table=prop_settings
11-10 18:44:24.504  1490  1961 I XLua.MockPropProvider: [getSettingsForPackage] user settings size=0
11-10 18:44:24.504  1490  1961 W XLua.CursorUtil: Class=eu.faircode.xlua.utilities.CursorUtil
11-10 18:44:24.504  1490  1961 W XLua.CursorUtil: Method=toMatrixCursor
11-10 18:44:24.504  1490  1961 W XLua.CursorUtil: Message=Collection passed to Convert into Matrix Cursor was Null or Empty...
11-10 18:44:24.505 25507 25507 E XLua.CursorUtil: Class=eu.faircode.xlua.utilities.CursorUtil
11-10 18:44:24.505 25507 25507 E XLua.CursorUtil: Method=readCursorAs
11-10 18:44:24.505 25507 25507 E XLua.CursorUtil: Message=Cursor is Empty, Closed or Null... failed to read cursor to collection. marshall=true class type=eu.faircode.xlua.api.properties.MockPropSetting
11-10 18:44:24.505 25507 25507 E XLua.CursorUtil: Exception=ouch
11-10 18:44:24.505 25507 25507 E XLua.CursorUtil: Stack=
11-10 18:44:24.505 25507 25507 E XLua.CursorUtil:  >> eu.faircode.xlua.utilities.CursorUtil.readCursorAs(SourceFile:20)
11-10 18:44:24.505 25507 25507 E XLua.CursorUtil:  >> eu.faircode.xlua.api.xmock.XMockQuery.getProperties(SourceFile:1)
11-10 18:44:24.505 25507 25507 E XLua.CursorUtil:  >> eu.faircode.xlua.api.xmock.XMockQuery.getModifiedProperties(SourceFile:1)
11-10 18:44:24.505 25507 25507 E XLua.CursorUtil:  >> eu.faircode.xlua.XLua.hookPackage(SourceFile:10)
11-10 18:44:24.505 25507 25507 E XLua.CursorUtil:  >> eu.faircode.xlua.XLua$4.afterHookedMethod(SourceFile:9)
11-10 18:44:24.505 25507 25507 E XLua.CursorUtil:  >> de.robv.android.xposed.LspHooker.handleHookedMethod(null:136)
11-10 18:44:24.505 25507 25507 E XLua.CursorUtil:  >> LspHooker_.makeApplication(null:18)
11-10 18:44:24.505 25507 25507 E XLua.CursorUtil:  >> android.app.ActivityThread.handleBindApplication(ActivityThread.java:5715)
11-10 18:44:24.505 25507 25507 E XLua.CursorUtil:  >> java.lang.reflect.Method.invoke(Method.java:-2)
11-10 18:44:24.505 25507 25507 E XLua.CursorUtil:  >> de.robv.android.xposed.LspHooker.handleHookedMethod(null:107)
11-10 18:44:24.505 25507 25507 E XLua.CursorUtil:  >> LspHooker_.handleBindApplication(null:11)
11-10 18:44:24.505 25507 25507 E XLua.CursorUtil:  >> android.app.ActivityThread.-wrap1(null:0)
11-10 18:44:24.505 25507 25507 E XLua.CursorUtil:  >> android.app.ActivityThread$H.handleMessage(ActivityThread.java:1656)
11-10 18:44:24.505 25507 25507 E XLua.CursorUtil:  >> android.os.Handler.dispatchMessage(Handler.java:106)
11-10 18:44:24.505 25507 25507 E XLua.CursorUtil:  >> android.os.Looper.loop(Looper.java:164)
11-10 18:44:24.505 25507 25507 E XLua.CursorUtil:  >> android.app.ActivityThread.main(ActivityThread.java:6494)
11-10 18:44:24.505 25507 25507 E XLua.CursorUtil:  >> java.lang.reflect.Method.invoke(Method.java:-2)
11-10 18:44:24.505 25507 25507 E XLua.CursorUtil:  >> com.android.internal.os.RuntimeInit$MethodAndArgsCaller.run(RuntimeInit.java:463)
11-10 18:44:24.505 25507 25507 E XLua.CursorUtil:  >> com.android.internal.os.ZygoteInit.main(ZygoteInit.java:807)
11-10 18:44:24.505  1490  1962 I XLua.MockPropProvider: mapped properties size=307
11-10 18:44:24.505  1490  1962 I XLua.CursorUtil: Class=eu.faircode.xlua.utilities.CursorUtil
11-10 18:44:24.505  1490  1962 I XLua.CursorUtil: Method=toMatrixCursor
11-10 18:44:24.505  1490  1962 I XLua.CursorUtil: Message=Converting collection into Matrix Cursor...  collection size=307 marshall=true flags=0
11-10 18:44:24.508  1490  1962 I XLua.CursorUtil: Class=eu.faircode.xlua.utilities.CursorUtil
11-10 18:44:24.508  1490  1962 I XLua.CursorUtil: Method=toMatrixCursor
11-10 18:44:24.508  1490  1962 I XLua.CursorUtil: Message=Finished Writing IJsonSerial Collection to Matrix Cursor. last position=307 collection size=307 marshall=true flags=0
11-10 18:44:24.508 25507 25507 I XLua.CursorUtil: Class=eu.faircode.xlua.utilities.CursorUtil
11-10 18:44:24.508 25507 25507 I XLua.CursorUtil: Method=readCursorAs
11-10 18:44:24.508 25507 25507 I XLua.CursorUtil: Message=Reading Matrix Cursor to a IJsonSerial Collection. marshall=true class type=eu.faircode.xlua.api.properties.MockPropMap
11-10 18:44:24.515 25507 25507 I XLua.CursorUtil: Class=eu.faircode.xlua.utilities.CursorUtil
11-10 18:44:24.515 25507 25507 I XLua.CursorUtil: Method=readCursorAs
11-10 18:44:24.515 25507 25507 I XLua.CursorUtil: Message=Finished Reading Cursor to IJsonSerial Collection. Total elements read=307 last position=307
11-10 18:44:24.516 25507 25516 I zygote64: Do partial code cache collection, code=61KB, data=38KB
11-10 18:44:24.516 25507 25516 I zygote64: After code cache collection, code=61KB, data=38KB
11-10 18:44:24.516 25507 25516 I zygote64: Increasing code cache capacity to 256KB
11-10 18:44:24.517 25507 25507 I XLua.XMockQuery: [getMockPropMaps] prop maps size=307 maps size=229
11-10 18:44:24.517 25507 25507 I XLua.XLua: Class=eu.faircode.xlua.XLua
11-10 18:44:24.517 25507 25507 I XLua.XLua: Method=hookPackage
11-10 18:44:24.517 25507 25507 I XLua.XLua: Message=pkg [io.castle.android.sample] settings size [78] properties size [0] prop maps size [229]
11-10 18:44:24.524 25507 25507 I XLua.XLua: Class=eu.faircode.xlua.XLua
11-10 18:44:24.524 25507 25507 I XLua.XLua: Method=hookPackage
11-10 18:44:24.524 25507 25507 I XLua.XLua: Message=Created Target Hook: class=android.accounts.Account$1 member=createFromParcel return=android.accounts.Account
11-10 18:44:24.524 25507 25507 I XLua.XLua: params=(android.os.Parcel)
11-10 18:44:24.524 25507 25507 W XLua.XLua: Class=eu.faircode.xlua.XLua
11-10 18:44:24.524 25507 25507 W XLua.XLua: Method=hookPackage
11-10 18:44:24.524 25507 25507 W XLua.XLua: Message=Member Method Name=createFromParcel
11-10 18:44:24.530 25507 25507 I XLua.XLua: Class=eu.faircode.xlua.XLua
11-10 18:44:24.530 25507 25507 I XLua.XLua: Method=hookPackage
11-10 18:44:24.530 25507 25507 I XLua.XLua: Message=Created Target Hook: class=android.app.ActivityManager member=getMemoryInfo return=void
11-10 18:44:24.530 25507 25507 I XLua.XLua: params=(android.app.ActivityManager$MemoryInfo)
11-10 18:44:24.530 25507 25507 W XLua.XLua: Class=eu.faircode.xlua.XLua
11-10 18:44:24.530 25507 25507 W XLua.XLua: Method=hookPackage
11-10 18:44:24.530 25507 25507 W XLua.XLua: Message=Member Method Name=getMemoryInfo
11-10 18:44:24.537 25507 25507 I XLua.XLua: Class=eu.faircode.xlua.XLua
11-10 18:44:24.537 25507 25507 I XLua.XLua: Method=hookPackage
11-10 18:44:24.537 25507 25507 I XLua.XLua: Message=Created Target Hook: class=android.app.ActivityManager member=getRunningAppProcesses return=java.util.List
11-10 18:44:24.537 25507 25507 W XLua.XLua: Class=eu.faircode.xlua.XLua
11-10 18:44:24.537 25507 25507 W XLua.XLua: Method=hookPackage
11-10 18:44:24.537 25507 25507 W XLua.XLua: Message=Member Method Name=getRunningAppProcesses
11-10 18:44:24.540 25507 25507 E XLua.Class: Class=java.lang.Class
11-10 18:44:24.540 25507 25507 E XLua.Class: Method=classForName
11-10 18:44:24.540 25507 25507 E XLua.Class: Message=Optional Hook=PrivacyEx.ActivityRecognitionResult.extractResult class=java.lang.ClassNotFoundException
11-10 18:44:24.540 25507 25507 E XLua.Class: Exception=com.google.android.gms.location.ActivityRecognitionResult
11-10 18:44:24.540 25507 25507 E XLua.Class: Stack=
11-10 18:44:24.540 25507 25507 E XLua.Class:  >> java.lang.Class.classForName(Class.java:-2)
11-10 18:44:24.540 25507 25507 E XLua.Class:  >> java.lang.Class.forName(Class.java:453)
11-10 18:44:24.540 25507 25507 E XLua.Class:  >> eu.faircode.xlua.hooks.XHookUtil.resolveTargetHook(SourceFile:1)
11-10 18:44:24.540 25507 25507 E XLua.Class:  >> eu.faircode.xlua.XLua.hookPackage(SourceFile:20)
11-10 18:44:24.540 25507 25507 E XLua.Class:  >> eu.faircode.xlua.XLua$4.afterHookedMethod(SourceFile:9)
11-10 18:44:24.540 25507 25507 E XLua.Class:  >> de.robv.android.xposed.LspHooker.handleHookedMethod(null:136)
11-10 18:44:24.540 25507 25507 E XLua.Class:  >> LspHooker_.makeApplication(null:18)
11-10 18:44:24.540 25507 25507 E XLua.Class:  >> android.app.ActivityThread.handleBindApplication(ActivityThread.java:5715)
11-10 18:44:24.540 25507 25507 E XLua.Class:  >> java.lang.reflect.Method.invoke(Method.java:-2)
11-10 18:44:24.540 25507 25507 E XLua.Class:  >> de.robv.android.xposed.LspHooker.handleHookedMethod(null:107)
11-10 18:44:24.540 25507 25507 E XLua.Class:  >> LspHooker_.handleBindApplication(null:11)
11-10 18:44:24.540 25507 25507 E XLua.Class:  >> android.app.ActivityThread.-wrap1(null:0)
11-10 18:44:24.540 25507 25507 E XLua.Class:  >> android.app.ActivityThread$H.handleMessage(ActivityThread.java:1656)
11-10 18:44:24.540 25507 25507 E XLua.Class:  >> android.os.Handler.dispatchMessage(Handler.java:106)
11-10 18:44:24.540 25507 25507 E XLua.Class:  >> android.os.Looper.loop(Looper.java:164)
11-10 18:44:24.540 25507 25507 E XLua.Class:  >> android.app.ActivityThread.main(ActivityThread.java:6494)
11-10 18:44:24.540 25507 25507 E XLua.Class:  >> java.lang.reflect.Method.invoke(Method.java:-2)
11-10 18:44:24.540 25507 25507 E XLua.Class:  >> com.android.internal.os.RuntimeInit$MethodAndArgsCaller.run(RuntimeInit.java:463)
11-10 18:44:24.540 25507 25507 E XLua.Class:  >> com.android.internal.os.ZygoteInit.main(ZygoteInit.java:807)
11-10 18:44:24.541 25507 25507 I XLua.XLua: Class=eu.faircode.xlua.XLua
11-10 18:44:24.541 25507 25507 I XLua.XLua: Method=hookPackage
11-10 18:44:24.541 25507 25507 I XLua.XLua: Message=Created Target Hook: class=android.os.BinderProxy member=transact return=boolean
11-10 18:44:24.541 25507 25507 I XLua.XLua: params=(int,android.os.Parcel,android.os.Parcel,int)
11-10 18:44:24.541 25507 25507 W XLua.XLua: Class=eu.faircode.xlua.XLua
11-10 18:44:24.541 25507 25507 W XLua.XLua: Method=hookPackage
11-10 18:44:24.541 25507 25507 W XLua.XLua: Message=Member Method Name=transact
11-10 18:44:24.546 25507 25507 E XLua.Class: Class=java.lang.Class
11-10 18:44:24.546 25507 25507 E XLua.Class: Method=classForName
11-10 18:44:24.546 25507 25507 E XLua.Class: Message=Optional Hook=PrivacyEx.AdvertisingIdClient$Info.getId class=java.lang.ClassNotFoundException
11-10 18:44:24.546 25507 25507 E XLua.Class: Exception=com.google.android.gms.ads.identifier.AdvertisingIdClient$Info
11-10 18:44:24.546 25507 25507 E XLua.Class: Stack=
11-10 18:44:24.546 25507 25507 E XLua.Class:  >> java.lang.Class.classForName(Class.java:-2)
11-10 18:44:24.546 25507 25507 E XLua.Class:  >> java.lang.Class.forName(Class.java:453)
11-10 18:44:24.546 25507 25507 E XLua.Class:  >> eu.faircode.xlua.hooks.XHookUtil.resolveTargetHook(SourceFile:1)
11-10 18:44:24.546 25507 25507 E XLua.Class:  >> eu.faircode.xlua.XLua.hookPackage(SourceFile:20)
11-10 18:44:24.546 25507 25507 E XLua.Class:  >> eu.faircode.xlua.XLua$4.afterHookedMethod(SourceFile:9)
11-10 18:44:24.546 25507 25507 E XLua.Class:  >> de.robv.android.xposed.LspHooker.handleHookedMethod(null:136)
11-10 18:44:24.546 25507 25507 E XLua.Class:  >> LspHooker_.makeApplication(null:18)
11-10 18:44:24.546 25507 25507 E XLua.Class:  >> android.app.ActivityThread.handleBindApplication(ActivityThread.java:5715)
11-10 18:44:24.546 25507 25507 E XLua.Class:  >> java.lang.reflect.Method.invoke(Method.java:-2)
11-10 18:44:24.546 25507 25507 E XLua.Class:  >> de.robv.android.xposed.LspHooker.handleHookedMethod(null:107)
11-10 18:44:24.546 25507 25507 E XLua.Class:  >> LspHooker_.handleBindApplication(null:11)
11-10 18:44:24.546 25507 25507 E XLua.Class:  >> android.app.ActivityThread.-wrap1(null:0)
11-10 18:44:24.546 25507 25507 E XLua.Class:  >> android.app.ActivityThread$H.handleMessage(ActivityThread.java:1656)
11-10 18:44:24.546 25507 25507 E XLua.Class:  >> android.os.Handler.dispatchMessage(Handler.java:106)
11-10 18:44:24.546 25507 25507 E XLua.Class:  >> android.os.Looper.loop(Looper.java:164)
11-10 18:44:24.546 25507 25507 E XLua.Class:  >> android.app.ActivityThread.main(ActivityThread.java:6494)
11-10 18:44:24.546 25507 25507 E XLua.Class:  >> java.lang.reflect.Method.invoke(Method.java:-2)
11-10 18:44:24.546 25507 25507 E XLua.Class:  >> com.android.internal.os.RuntimeInit$MethodAndArgsCaller.run(RuntimeInit.java:463)
11-10 18:44:24.546 25507 25507 E XLua.Class:  >> com.android.internal.os.ZygoteInit.main(ZygoteInit.java:807)
11-10 18:44:24.549 25507 25507 E XLua.Class: Class=java.lang.Class
11-10 18:44:24.549 25507 25507 E XLua.Class: Method=classForName
11-10 18:44:24.549 25507 25507 E XLua.Class: Message=Optional Hook=PrivacyEx.Agent/AdjustConfig.setUserAgent class=java.lang.ClassNotFoundException
11-10 18:44:24.549 25507 25507 E XLua.Class: Exception=com.adjust.sdk.AdjustConfig
11-10 18:44:24.549 25507 25507 E XLua.Class: Stack=
11-10 18:44:24.549 25507 25507 E XLua.Class:  >> java.lang.Class.classForName(Class.java:-2)
11-10 18:44:24.549 25507 25507 E XLua.Class:  >> java.lang.Class.forName(Class.java:453)
11-10 18:44:24.549 25507 25507 E XLua.Class:  >> eu.faircode.xlua.hooks.XHookUtil.resolveTargetHook(SourceFile:1)
11-10 18:44:24.549 25507 25507 E XLua.Class:  >> eu.faircode.xlua.XLua.hookPackage(SourceFile:20)
11-10 18:44:24.549 25507 25507 E XLua.Class:  >> eu.faircode.xlua.XLua$4.afterHookedMethod(SourceFile:9)
11-10 18:44:24.549 25507 25507 E XLua.Class:  >> de.robv.android.xposed.LspHooker.handleHookedMethod(null:136)
11-10 18:44:24.549 25507 25507 E XLua.Class:  >> LspHooker_.makeApplication(null:18)
11-10 18:44:24.549 25507 25507 E XLua.Class:  >> android.app.ActivityThread.handleBindApplication(ActivityThread.java:5715)
11-10 18:44:24.549 25507 25507 E XLua.Class:  >> java.lang.reflect.Method.invoke(Method.java:-2)
11-10 18:44:24.549 25507 25507 E XLua.Class:  >> de.robv.android.xposed.LspHooker.handleHookedMethod(null:107)
11-10 18:44:24.549 25507 25507 E XLua.Class:  >> LspHooker_.handleBindApplication(null:11)
11-10 18:44:24.549 25507 25507 E XLua.Class:  >> android.app.ActivityThread.-wrap1(null:0)
11-10 18:44:24.549 25507 25507 E XLua.Class:  >> android.app.ActivityThread$H.handleMessage(ActivityThread.java:1656)
11-10 18:44:24.549 25507 25507 E XLua.Class:  >> android.os.Handler.dispatchMessage(Handler.java:106)
11-10 18:44:24.549 25507 25507 E XLua.Class:  >> android.os.Looper.loop(Looper.java:164)
11-10 18:44:24.549 25507 25507 E XLua.Class:  >> android.app.ActivityThread.main(ActivityThread.java:6494)
11-10 18:44:24.549 25507 25507 E XLua.Class:  >> java.lang.reflect.Method.invoke(Method.java:-2)
11-10 18:44:24.549 25507 25507 E XLua.Class:  >> com.android.internal.os.RuntimeInit$MethodAndArgsCaller.run(RuntimeInit.java:463)
11-10 18:44:24.549 25507 25507 E XLua.Class:  >> com.android.internal.os.ZygoteInit.main(ZygoteInit.java:807)
11-10 18:44:24.549 25507 25507 E XLua.Class: Class=java.lang.Class
11-10 18:44:24.549 25507 25507 E XLua.Class: Method=classForName
11-10 18:44:24.549 25507 25507 E XLua.Class: Message=Optional Hook=PrivacyEx.Agent/Chromium.getUserAgentString class=java.lang.ClassNotFoundException
11-10 18:44:24.549 25507 25507 E XLua.Class: Exception=com.android.webview.chromium.ContentSettingsAdapter
11-10 18:44:24.549 25507 25507 E XLua.Class: Stack=
11-10 18:44:24.549 25507 25507 E XLua.Class:  >> java.lang.Class.classForName(Class.java:-2)
11-10 18:44:24.549 25507 25507 E XLua.Class:  >> java.lang.Class.forName(Class.java:453)
11-10 18:44:24.549 25507 25507 E XLua.Class:  >> eu.faircode.xlua.hooks.XHookUtil.resolveTargetHook(SourceFile:1)
11-10 18:44:24.549 25507 25507 E XLua.Class:  >> eu.faircode.xlua.XLua.hookPackage(SourceFile:20)
11-10 18:44:24.549 25507 25507 E XLua.Class:  >> eu.faircode.xlua.XLua$4.afterHookedMethod(SourceFile:9)
11-10 18:44:24.549 25507 25507 E XLua.Class:  >> de.robv.android.xposed.LspHooker.handleHookedMethod(null:136)
11-10 18:44:24.549 25507 25507 E XLua.Class:  >> LspHooker_.makeApplication(null:18)
11-10 18:44:24.549 25507 25507 E XLua.Class:  >> android.app.ActivityThread.handleBindApplication(ActivityThread.java:5715)
11-10 18:44:24.549 25507 25507 E XLua.Class:  >> java.lang.reflect.Method.invoke(Method.java:-2)
11-10 18:44:24.549 25507 25507 E XLua.Class:  >> de.robv.android.xposed.LspHooker.handleHookedMethod(null:107)
11-10 18:44:24.549 25507 25507 E XLua.Class:  >> LspHooker_.handleBindApplication(null:11)
11-10 18:44:24.549 25507 25507 E XLua.Class:  >> android.app.ActivityThread.-wrap1(null:0)
11-10 18:44:24.549 25507 25507 E XLua.Class:  >> android.app.ActivityThread$H.handleMessage(ActivityThread.java:1656)
11-10 18:44:24.549 25507 25507 E XLua.Class:  >> android.os.Handler.dispatchMessage(Handler.java:106)
11-10 18:44:24.549 25507 25507 E XLua.Class:  >> android.os.Looper.loop(Looper.java:164)
11-10 18:44:24.549 25507 25507 E XLua.Class:  >> android.app.ActivityThread.main(ActivityThread.java:6494)
11-10 18:44:24.549 25507 25507 E XLua.Class:  >> java.lang.reflect.Method.invoke(Method.java:-2)
11-10 18:44:24.549 25507 25507 E XLua.Class:  >> com.android.internal.os.RuntimeInit$MethodAndArgsCaller.run(RuntimeInit.java:463)
11-10 18:44:24.549 25507 25507 E XLua.Class:  >> com.android.internal.os.ZygoteInit.main(ZygoteInit.java:807)
11-10 18:44:24.551 25507 25507 I XLua.XLua: Class=eu.faircode.xlua.XLua
11-10 18:44:24.551 25507 25507 I XLua.XLua: Method=hookPackage
11-10 18:44:24.551 25507 25507 I XLua.XLua: Message=Created Target Hook: class=java.net.HttpURLConnection member=setRequestProperty return=void
11-10 18:44:24.551 25507 25507 I XLua.XLua: params=(java.lang.String,java.lang.String)
11-10 18:44:24.551 25507 25507 W XLua.XLua: Class=eu.faircode.xlua.XLua
11-10 18:44:24.551 25507 25507 W XLua.XLua: Method=hookPackage
11-10 18:44:24.551 25507 25507 W XLua.XLua: Message=Member Method Name=setRequestProperty
11-10 18:44:24.553 25507 25507 E XLua.Class: Class=java.lang.Class
11-10 18:44:24.553 25507 25507 E XLua.Class: Method=classForName
11-10 18:44:24.553 25507 25507 E XLua.Class: Message=Optional Hook=PrivacyEx.Agent/Mozilla.GeckoSessionSettings$Builder class=java.lang.ClassNotFoundException
11-10 18:44:24.553 25507 25507 E XLua.Class: Exception=org.mozilla.geckoview.GeckoSessionSettings$Builder
11-10 18:44:24.553 25507 25507 E XLua.Class: Stack=
11-10 18:44:24.553 25507 25507 E XLua.Class:  >> java.lang.Class.classForName(Class.java:-2)
11-10 18:44:24.553 25507 25507 E XLua.Class:  >> java.lang.Class.forName(Class.java:453)
11-10 18:44:24.553 25507 25507 E XLua.Class:  >> eu.faircode.xlua.hooks.XHookUtil.resolveTargetHook(SourceFile:1)
11-10 18:44:24.553 25507 25507 E XLua.Class:  >> eu.faircode.xlua.XLua.hookPackage(SourceFile:20)
11-10 18:44:24.553 25507 25507 E XLua.Class:  >> eu.faircode.xlua.XLua$4.afterHookedMethod(SourceFile:9)
11-10 18:44:24.553 25507 25507 E XLua.Class:  >> de.robv.android.xposed.LspHooker.handleHookedMethod(null:136)
11-10 18:44:24.553 25507 25507 E XLua.Class:  >> LspHooker_.makeApplication(null:18)
11-10 18:44:24.553 25507 25507 E XLua.Class:  >> android.app.ActivityThread.handleBindApplication(ActivityThread.java:5715)
11-10 18:44:24.553 25507 25507 E XLua.Class:  >> java.lang.reflect.Method.invoke(Method.java:-2)
11-10 18:44:24.553 25507 25507 E XLua.Class:  >> de.robv.android.xposed.LspHooker.handleHookedMethod(null:107)
11-10 18:44:24.553 25507 25507 E XLua.Class:  >> LspHooker_.handleBindApplication(null:11)
11-10 18:44:24.553 25507 25507 E XLua.Class:  >> android.app.ActivityThread.-wrap1(null:0)
11-10 18:44:24.553 25507 25507 E XLua.Class:  >> android.app.ActivityThread$H.handleMessage(ActivityThread.java:1656)
11-10 18:44:24.553 25507 25507 E XLua.Class:  >> android.os.Handler.dispatchMessage(Handler.java:106)
11-10 18:44:24.553 25507 25507 E XLua.Class:  >> android.os.Looper.loop(Looper.java:164)
11-10 18:44:24.553 25507 25507 E XLua.Class:  >> android.app.ActivityThread.main(ActivityThread.java:6494)
11-10 18:44:24.553 25507 25507 E XLua.Class:  >> java.lang.reflect.Method.invoke(Method.java:-2)
11-10 18:44:24.553 25507 25507 E XLua.Class:  >> com.android.internal.os.RuntimeInit$MethodAndArgsCaller.run(RuntimeInit.java:463)
11-10 18:44:24.553 25507 25507 E XLua.Class:  >> com.android.internal.os.ZygoteInit.main(ZygoteInit.java:807)
11-10 18:44:24.556 25507 25507 E XLua.Class: Class=java.lang.Class
11-10 18:44:24.556 25507 25507 E XLua.Class: Method=classForName
11-10 18:44:24.556 25507 25507 E XLua.Class: Message=Optional Hook=PrivacyEx.Agent/Mozilla.GeckoSessionSettings$Builder(GeckoSessionSettings) class=java.lang.ClassNotFoundException
11-10 18:44:24.556 25507 25507 E XLua.Class: Exception=org.mozilla.geckoview.GeckoSessionSettings$Builder
11-10 18:44:24.556 25507 25507 E XLua.Class: Stack=
11-10 18:44:24.556 25507 25507 E XLua.Class:  >> java.lang.Class.classForName(Class.java:-2)
11-10 18:44:24.556 25507 25507 E XLua.Class:  >> java.lang.Class.forName(Class.java:453)
11-10 18:44:24.556 25507 25507 E XLua.Class:  >> eu.faircode.xlua.hooks.XHookUtil.resolveTargetHook(SourceFile:1)
11-10 18:44:24.556 25507 25507 E XLua.Class:  >> eu.faircode.xlua.XLua.hookPackage(SourceFile:20)
11-10 18:44:24.556 25507 25507 E XLua.Class:  >> eu.faircode.xlua.XLua$4.afterHookedMethod(SourceFile:9)
11-10 18:44:24.556 25507 25507 E XLua.Class:  >> de.robv.android.xposed.LspHooker.handleHookedMethod(null:136)
11-10 18:44:24.556 25507 25507 E XLua.Class:  >> LspHooker_.makeApplication(null:18)
11-10 18:44:24.556 25507 25507 E XLua.Class:  >> android.app.ActivityThread.handleBindApplication(ActivityThread.java:5715)
11-10 18:44:24.556 25507 25507 E XLua.Class:  >> java.lang.reflect.Method.invoke(Method.java:-2)
11-10 18:44:24.556 25507 25507 E XLua.Class:  >> de.robv.android.xposed.LspHooker.handleHookedMethod(null:107)
11-10 18:44:24.556 25507 25507 E XLua.Class:  >> LspHooker_.handleBindApplication(null:11)
11-10 18:44:24.556 25507 25507 E XLua.Class:  >> android.app.ActivityThread.-wrap1(null:0)
11-10 18:44:24.556 25507 25507 E XLua.Class:  >> android.app.ActivityThread$H.handleMessage(ActivityThread.java:1656)
11-10 18:44:24.556 25507 25507 E XLua.Class:  >> android.os.Handler.dispatchMessage(Handler.java:106)
11-10 18:44:24.556 25507 25507 E XLua.Class:  >> android.os.Looper.loop(Looper.java:164)
11-10 18:44:24.556 25507 25507 E XLua.Class:  >> android.app.ActivityThread.main(ActivityThread.java:6494)
11-10 18:44:24.556 25507 25507 E XLua.Class:  >> java.lang.reflect.Method.invoke(Method.java:-2)
11-10 18:44:24.556 25507 25507 E XLua.Class:  >> com.android.internal.os.RuntimeInit$MethodAndArgsCaller.run(RuntimeInit.java:463)
11-10 18:44:24.556 25507 25507 E XLua.Class:  >> com.android.internal.os.ZygoteInit.main(ZygoteInit.java:807)
11-10 18:44:24.557 25507 25507 E XLua.Class: Class=java.lang.Class
11-10 18:44:24.557 25507 25507 E XLua.Class: Method=classForName
11-10 18:44:24.557 25507 25507 E XLua.Class: Message=Optional Hook=PrivacyEx.Agent/Mozilla.GeckoSessionSettings$Builder.userAgentOverride class=java.lang.ClassNotFoundException
11-10 18:44:24.557 25507 25507 E XLua.Class: Exception=org.mozilla.geckoview.GeckoSessionSettings$Builder
11-10 18:44:24.557 25507 25507 E XLua.Class: Stack=
11-10 18:44:24.557 25507 25507 E XLua.Class:  >> java.lang.Class.classForName(Class.java:-2)
11-10 18:44:24.557 25507 25507 E XLua.Class:  >> java.lang.Class.forName(Class.java:453)
11-10 18:44:24.557 25507 25507 E XLua.Class:  >> eu.faircode.xlua.hooks.XHookUtil.resolveTargetHook(SourceFile:1)
11-10 18:44:24.557 25507 25507 E XLua.Class:  >> eu.faircode.xlua.XLua.hookPackage(SourceFile:20)
11-10 18:44:24.557 25507 25507 E XLua.Class:  >> eu.faircode.xlua.XLua$4.afterHookedMethod(SourceFile:9)
11-10 18:44:24.557 25507 25507 E XLua.Class:  >> de.robv.android.xposed.LspHooker.handleHookedMethod(null:136)
11-10 18:44:24.557 25507 25507 E XLua.Class:  >> LspHooker_.makeApplication(null:18)
11-10 18:44:24.557 25507 25507 E XLua.Class:  >> android.app.ActivityThread.handleBindApplication(ActivityThread.java:5715)
11-10 18:44:24.557 25507 25507 E XLua.Class:  >> java.lang.reflect.Method.invoke(Method.java:-2)
11-10 18:44:24.557 25507 25507 E XLua.Class:  >> de.robv.android.xposed.LspHooker.handleHookedMethod(null:107)
11-10 18:44:24.557 25507 25507 E XLua.Class:  >> LspHooker_.handleBindApplication(null:11)
11-10 18:44:24.557 25507 25507 E XLua.Class:  >> android.app.ActivityThread.-wrap1(null:0)
11-10 18:44:24.557 25507 25507 E XLua.Class:  >> android.app.ActivityThread$H.handleMessage(ActivityThread.java:1656)
11-10 18:44:24.557 25507 25507 E XLua.Class:  >> android.os.Handler.dispatchMessage(Handler.java:106)
11-10 18:44:24.557 25507 25507 E XLua.Class:  >> android.os.Looper.loop(Looper.java:164)
11-10 18:44:24.557 25507 25507 E XLua.Class:  >> android.app.ActivityThread.main(ActivityThread.java:6494)
11-10 18:44:24.557 25507 25507 E XLua.Class:  >> java.lang.reflect.Method.invoke(Method.java:-2)
11-10 18:44:24.557 25507 25507 E XLua.Class:  >> com.android.internal.os.RuntimeInit$MethodAndArgsCaller.run(RuntimeInit.java:463)
11-10 18:44:24.557 25507 25507 E XLua.Class:  >> com.android.internal.os.ZygoteInit.main(ZygoteInit.java:807)
11-10 18:44:24.558 25507 25507 E XLua.Class: Class=java.lang.Class
11-10 18:44:24.558 25507 25507 E XLua.Class: Method=classForName
11-10 18:44:24.558 25507 25507 E XLua.Class: Message=Optional Hook=PrivacyEx.Agent/Mozilla.GeckoSessionSettings(GeckoSessionSettings,GeckoSession) class=java.lang.ClassNotFoundException
11-10 18:44:24.558 25507 25507 E XLua.Class: Exception=org.mozilla.geckoview.GeckoSessionSettings
11-10 18:44:24.558 25507 25507 E XLua.Class: Stack=
11-10 18:44:24.558 25507 25507 E XLua.Class:  >> java.lang.Class.classForName(Class.java:-2)
11-10 18:44:24.558 25507 25507 E XLua.Class:  >> java.lang.Class.forName(Class.java:453)
11-10 18:44:24.558 25507 25507 E XLua.Class:  >> eu.faircode.xlua.hooks.XHookUtil.resolveTargetHook(SourceFile:1)
11-10 18:44:24.558 25507 25507 E XLua.Class:  >> eu.faircode.xlua.XLua.hookPackage(SourceFile:20)
11-10 18:44:24.558 25507 25507 E XLua.Class:  >> eu.faircode.xlua.XLua$4.afterHookedMethod(SourceFile:9)
11-10 18:44:24.558 25507 25507 E XLua.Class:  >> de.robv.android.xposed.LspHooker.handleHookedMethod(null:136)
11-10 18:44:24.558 25507 25507 E XLua.Class:  >> LspHooker_.makeApplication(null:18)
11-10 18:44:24.558 25507 25507 E XLua.Class:  >> android.app.ActivityThread.handleBindApplication(ActivityThread.java:5715)
11-10 18:44:24.558 25507 25507 E XLua.Class:  >> java.lang.reflect.Method.invoke(Method.java:-2)
11-10 18:44:24.558 25507 25507 E XLua.Class:  >> de.robv.android.xposed.LspHooker.handleHookedMethod(null:107)
11-10 18:44:24.558 25507 25507 E XLua.Class:  >> LspHooker_.handleBindApplication(null:11)
11-10 18:44:24.558 25507 25507 E XLua.Class:  >> android.app.ActivityThread.-wrap1(null:0)
11-10 18:44:24.558 25507 25507 E XLua.Class:  >> android.app.ActivityThread$H.handleMessage(ActivityThread.java:1656)
11-10 18:44:24.558 25507 25507 E XLua.Class:  >> android.os.Handler.dispatchMessage(Handler.java:106)
11-10 18:44:24.558 25507 25507 E XLua.Class:  >> android.os.Looper.loop(Looper.java:164)
11-10 18:44:24.558 25507 25507 E XLua.Class:  >> android.app.ActivityThread.main(ActivityThread.java:6494)
11-10 18:44:24.558 25507 25507 E XLua.Class:  >> java.lang.reflect.Method.invoke(Method.java:-2)
11-10 18:44:24.558 25507 25507 E XLua.Class:  >> com.android.internal.os.RuntimeInit$MethodAndArgsCaller.run(RuntimeInit.java:463)
11-10 18:44:24.558 25507 25507 E XLua.Class:  >> com.android.internal.os.ZygoteInit.main(ZygoteInit.java:807)
11-10 18:44:24.559 25507 25507 E XLua.Class: Class=java.lang.Class
11-10 18:44:24.559 25507 25507 E XLua.Class: Method=classForName
11-10 18:44:24.559 25507 25507 E XLua.Class: Message=Optional Hook=PrivacyEx.Agent/Mozilla.GeckoSessionSettings.getUserAgentOverride class=java.lang.ClassNotFoundException
11-10 18:44:24.559 25507 25507 E XLua.Class: Exception=org.mozilla.geckoview.GeckoSessionSettings
11-10 18:44:24.559 25507 25507 E XLua.Class: Stack=
11-10 18:44:24.559 25507 25507 E XLua.Class:  >> java.lang.Class.classForName(Class.java:-2)
11-10 18:44:24.559 25507 25507 E XLua.Class:  >> java.lang.Class.forName(Class.java:453)
11-10 18:44:24.559 25507 25507 E XLua.Class:  >> eu.faircode.xlua.hooks.XHookUtil.resolveTargetHook(SourceFile:1)
11-10 18:44:24.559 25507 25507 E XLua.Class:  >> eu.faircode.xlua.XLua.hookPackage(SourceFile:20)
11-10 18:44:24.559 25507 25507 E XLua.Class:  >> eu.faircode.xlua.XLua$4.afterHookedMethod(SourceFile:9)
11-10 18:44:24.559 25507 25507 E XLua.Class:  >> de.robv.android.xposed.LspHooker.handleHookedMethod(null:136)
11-10 18:44:24.559 25507 25507 E XLua.Class:  >> LspHooker_.makeApplication(null:18)
11-10 18:44:24.559 25507 25507 E XLua.Class:  >> android.app.ActivityThread.handleBindApplication(ActivityThread.java:5715)
11-10 18:44:24.559 25507 25507 E XLua.Class:  >> java.lang.reflect.Method.invoke(Method.java:-2)
11-10 18:44:24.559 25507 25507 E XLua.Class:  >> de.robv.android.xposed.LspHooker.handleHookedMethod(null:107)
11-10 18:44:24.559 25507 25507 E XLua.Class:  >> LspHooker_.handleBindApplication(null:11)
11-10 18:44:24.559 25507 25507 E XLua.Class:  >> android.app.ActivityThread.-wrap1(null:0)
11-10 18:44:24.559 25507 25507 E XLua.Class:  >> android.app.ActivityThread$H.handleMessage(ActivityThread.java:1656)
11-10 18:44:24.559 25507 25507 E XLua.Class:  >> android.os.Handler.dispatchMessage(Handler.java:106)
11-10 18:44:24.559 25507 25507 E XLua.Class:  >> android.os.Looper.loop(Looper.java:164)
11-10 18:44:24.559 25507 25507 E XLua.Class:  >> android.app.ActivityThread.main(ActivityThread.java:6494)
11-10 18:44:24.559 25507 25507 E XLua.Class:  >> java.lang.reflect.Method.invoke(Method.java:-2)
11-10 18:44:24.559 25507 25507 E XLua.Class:  >> com.android.internal.os.RuntimeInit$MethodAndArgsCaller.run(RuntimeInit.java:463)
11-10 18:44:24.559 25507 25507 E XLua.Class:  >> com.android.internal.os.ZygoteInit.main(ZygoteInit.java:807)
11-10 18:44:24.559 25507 25507 E XLua.Class: Class=java.lang.Class
11-10 18:44:24.559 25507 25507 E XLua.Class: Method=classForName
11-10 18:44:24.559 25507 25507 E XLua.Class: Message=Optional Hook=PrivacyEx.Agent/Mozilla.GeckoSessionSettings.setUserAgentOverride class=java.lang.ClassNotFoundException
11-10 18:44:24.559 25507 25507 E XLua.Class: Exception=org.mozilla.geckoview.GeckoSessionSettings
11-10 18:44:24.559 25507 25507 E XLua.Class: Stack=
11-10 18:44:24.559 25507 25507 E XLua.Class:  >> java.lang.Class.classForName(Class.java:-2)
11-10 18:44:24.559 25507 25507 E XLua.Class:  >> java.lang.Class.forName(Class.java:453)
11-10 18:44:24.559 25507 25507 E XLua.Class:  >> eu.faircode.xlua.hooks.XHookUtil.resolveTargetHook(SourceFile:1)
11-10 18:44:24.559 25507 25507 E XLua.Class:  >> eu.faircode.xlua.XLua.hookPackage(SourceFile:20)
11-10 18:44:24.559 25507 25507 E XLua.Class:  >> eu.faircode.xlua.XLua$4.afterHookedMethod(SourceFile:9)
11-10 18:44:24.559 25507 25507 E XLua.Class:  >> de.robv.android.xposed.LspHooker.handleHookedMethod(null:136)
11-10 18:44:24.559 25507 25507 E XLua.Class:  >> LspHooker_.makeApplication(null:18)
11-10 18:44:24.559 25507 25507 E XLua.Class:  >> android.app.ActivityThread.handleBindApplication(ActivityThread.java:5715)
11-10 18:44:24.559 25507 25507 E XLua.Class:  >> java.lang.reflect.Method.invoke(Method.java:-2)
11-10 18:44:24.559 25507 25507 E XLua.Class:  >> de.robv.android.xposed.LspHooker.handleHookedMethod(null:107)
11-10 18:44:24.559 25507 25507 E XLua.Class:  >> LspHooker_.handleBindApplication(null:11)
11-10 18:44:24.559 25507 25507 E XLua.Class:  >> android.app.ActivityThread.-wrap1(null:0)
11-10 18:44:24.559 25507 25507 E XLua.Class:  >> android.app.ActivityThread$H.handleMessage(ActivityThread.java:1656)
11-10 18:44:24.559 25507 25507 E XLua.Class:  >> android.os.Handler.dispatchMessage(Handler.java:106)
11-10 18:44:24.559 25507 25507 E XLua.Class:  >> android.os.Looper.loop(Looper.java:164)
11-10 18:44:24.559 25507 25507 E XLua.Class:  >> android.app.ActivityThread.main(ActivityThread.java:6494)
11-10 18:44:24.559 25507 25507 E XLua.Class:  >> java.lang.reflect.Method.invoke(Method.java:-2)
11-10 18:44:24.559 25507 25507 E XLua.Class:  >> com.android.internal.os.RuntimeInit$MethodAndArgsCaller.run(RuntimeInit.java:463)
11-10 18:44:24.559 25507 25507 E XLua.Class:  >> com.android.internal.os.ZygoteInit.main(ZygoteInit.java:807)
11-10 18:44:24.561 25507 25507 E XLua.Class: Class=java.lang.Class
11-10 18:44:24.561 25507 25507 E XLua.Class: Method=classForName
11-10 18:44:24.561 25507 25507 E XLua.Class: Message=Optional Hook=PrivacyEx.Agent/Stripe/PaymentAuthWebView(Context, AttributeSet) class=java.lang.ClassNotFoundException
11-10 18:44:24.561 25507 25507 E XLua.Class: Exception=com.stripe.android.view.PaymentAuthWebView
11-10 18:44:24.561 25507 25507 E XLua.Class: Stack=
11-10 18:44:24.561 25507 25507 E XLua.Class:  >> java.lang.Class.classForName(Class.java:-2)
11-10 18:44:24.561 25507 25507 E XLua.Class:  >> java.lang.Class.forName(Class.java:453)
11-10 18:44:24.561 25507 25507 E XLua.Class:  >> eu.faircode.xlua.hooks.XHookUtil.resolveTargetHook(SourceFile:1)
11-10 18:44:24.561 25507 25507 E XLua.Class:  >> eu.faircode.xlua.XLua.hookPackage(SourceFile:20)
11-10 18:44:24.561 25507 25507 E XLua.Class:  >> eu.faircode.xlua.XLua$4.afterHookedMethod(SourceFile:9)
11-10 18:44:24.561 25507 25507 E XLua.Class:  >> de.robv.android.xposed.LspHooker.handleHookedMethod(null:136)
11-10 18:44:24.561 25507 25507 E XLua.Class:  >> LspHooker_.makeApplication(null:18)
11-10 18:44:24.561 25507 25507 E XLua.Class:  >> android.app.ActivityThread.handleBindApplication(ActivityThread.java:5715)
11-10 18:44:24.561 25507 25507 E XLua.Class:  >> java.lang.reflect.Method.invoke(Method.java:-2)
11-10 18:44:24.561 25507 25507 E XLua.Class:  >> de.robv.android.xposed.LspHooker.handleHookedMethod(null:107)
11-10 18:44:24.561 25507 25507 E XLua.Class:  >> LspHooker_.handleBindApplication(null:11)
11-10 18:44:24.561 25507 25507 E XLua.Class:  >> android.app.ActivityThread.-wrap1(null:0)
11-10 18:44:24.561 25507 25507 E XLua.Class:  >> android.app.ActivityThread$H.handleMessage(ActivityThread.java:1656)
11-10 18:44:24.561 25507 25507 E XLua.Class:  >> android.os.Handler.dispatchMessage(Handler.java:106)
11-10 18:44:24.561 25507 25507 E XLua.Class:  >> android.os.Looper.loop(Looper.java:164)
11-10 18:44:24.561 25507 25507 E XLua.Class:  >> android.app.ActivityThread.main(ActivityThread.java:6494)
11-10 18:44:24.561 25507 25507 E XLua.Class:  >> java.lang.reflect.Method.invoke(Method.java:-2)
11-10 18:44:24.561 25507 25507 E XLua.Class:  >> com.android.internal.os.RuntimeInit$MethodAndArgsCaller.run(RuntimeInit.java:463)
11-10 18:44:24.561 25507 25507 E XLua.Class:  >> com.android.internal.os.ZygoteInit.main(ZygoteInit.java:807)
11-10 18:44:24.562 25507 25507 E XLua.Class: Class=java.lang.Class
11-10 18:44:24.562 25507 25507 E XLua.Class: Method=classForName
11-10 18:44:24.562 25507 25507 E XLua.Class: Message=Optional Hook=PrivacyEx.Agent/UtilNetworking.setUserAgent class=java.lang.ClassNotFoundException
11-10 18:44:24.562 25507 25507 E XLua.Class: Exception=com.adjust.sdk.network.UtilNetworking
11-10 18:44:24.562 25507 25507 E XLua.Class: Stack=
11-10 18:44:24.562 25507 25507 E XLua.Class:  >> java.lang.Class.classForName(Class.java:-2)
11-10 18:44:24.562 25507 25507 E XLua.Class:  >> java.lang.Class.forName(Class.java:453)
11-10 18:44:24.562 25507 25507 E XLua.Class:  >> eu.faircode.xlua.hooks.XHookUtil.resolveTargetHook(SourceFile:1)
11-10 18:44:24.562 25507 25507 E XLua.Class:  >> eu.faircode.xlua.XLua.hookPackage(SourceFile:20)
11-10 18:44:24.562 25507 25507 E XLua.Class:  >> eu.faircode.xlua.XLua$4.afterHookedMethod(SourceFile:9)
11-10 18:44:24.562 25507 25507 E XLua.Class:  >> de.robv.android.xposed.LspHooker.handleHookedMethod(null:136)
11-10 18:44:24.562 25507 25507 E XLua.Class:  >> LspHooker_.makeApplication(null:18)
11-10 18:44:24.562 25507 25507 E XLua.Class:  >> android.app.ActivityThread.handleBindApplication(ActivityThread.java:5715)
11-10 18:44:24.562 25507 25507 E XLua.Class:  >> java.lang.reflect.Method.invoke(Method.java:-2)
11-10 18:44:24.562 25507 25507 E XLua.Class:  >> de.robv.android.xposed.LspHooker.handleHookedMethod(null:107)
11-10 18:44:24.562 25507 25507 E XLua.Class:  >> LspHooker_.handleBindApplication(null:11)
11-10 18:44:24.562 25507 25507 E XLua.Class:  >> android.app.ActivityThread.-wrap1(null:0)
11-10 18:44:24.562 25507 25507 E XLua.Class:  >> android.app.ActivityThread$H.handleMessage(ActivityThread.java:1656)
11-10 18:44:24.562 25507 25507 E XLua.Class:  >> android.os.Handler.dispatchMessage(Handler.java:106)
11-10 18:44:24.562 25507 25507 E XLua.Class:  >> android.os.Looper.loop(Looper.java:164)
11-10 18:44:24.562 25507 25507 E XLua.Class:  >> android.app.ActivityThread.main(ActivityThread.java:6494)
11-10 18:44:24.562 25507 25507 E XLua.Class:  >> java.lang.reflect.Method.invoke(Method.java:-2)
11-10 18:44:24.562 25507 25507 E XLua.Class:  >> com.android.internal.os.RuntimeInit$MethodAndArgsCaller.run(RuntimeInit.java:463)
11-10 18:44:24.562 25507 25507 E XLua.Class:  >> com.android.internal.os.ZygoteInit.main(ZygoteInit.java:807)
11-10 18:44:24.567 25507 25507 I XLua.XLua: Class=eu.faircode.xlua.XLua
11-10 18:44:24.567 25507 25507 I XLua.XLua: Method=hookPackage
11-10 18:44:24.567 25507 25507 I XLua.XLua: Message=Created Target Hook: class=android.webkit.WebView
11-10 18:44:24.567 25507 25507 I XLua.XLua: params=(android.content.Context,android.util.AttributeSet,int,boolean)
11-10 18:44:24.567 25507 25507 W XLua.XLua: Class=eu.faircode.xlua.XLua
11-10 18:44:24.567 25507 25507 W XLua.XLua: Method=hookPackage
11-10 18:44:24.567 25507 25507 W XLua.XLua: Message=Member Method Name=android.webkit.WebView
11-10 18:44:24.572 25507 25507 I XLua.XLua: Class=eu.faircode.xlua.XLua
11-10 18:44:24.572 25507 25507 I XLua.XLua: Method=hookPackage
11-10 18:44:24.572 25507 25507 I XLua.XLua: Message=Created Target Hook: class=android.webkit.WebView
11-10 18:44:24.572 25507 25507 I XLua.XLua: params=(android.content.Context,android.util.AttributeSet,int,java.util.Map,boolean)
11-10 18:44:24.572 25507 25507 W XLua.XLua: Class=eu.faircode.xlua.XLua
11-10 18:44:24.572 25507 25507 W XLua.XLua: Method=hookPackage
11-10 18:44:24.572 25507 25507 W XLua.XLua: Message=Member Method Name=android.webkit.WebView
11-10 18:44:24.579 25507 25507 I XLua.XLua: Class=eu.faircode.xlua.XLua
11-10 18:44:24.579 25507 25507 I XLua.XLua: Method=hookPackage
11-10 18:44:24.579 25507 25507 I XLua.XLua: Message=Created Target Hook: class=android.webkit.WebView
11-10 18:44:24.579 25507 25507 I XLua.XLua: params=(android.content.Context)
11-10 18:44:24.579 25507 25507 W XLua.XLua: Class=eu.faircode.xlua.XLua
11-10 18:44:24.579 25507 25507 W XLua.XLua: Method=hookPackage
11-10 18:44:24.579 25507 25507 W XLua.XLua: Message=Member Method Name=android.webkit.WebView
11-10 18:44:24.582 25507 25507 I XLua.XLua: Class=eu.faircode.xlua.XLua
11-10 18:44:24.582 25507 25507 I XLua.XLua: Method=hookPackage
11-10 18:44:24.582 25507 25507 I XLua.XLua: Message=Created Target Hook: class=android.webkit.WebView
11-10 18:44:24.582 25507 25507 I XLua.XLua: params=(android.content.Context,android.util.AttributeSet)
11-10 18:44:24.582 25507 25507 W XLua.XLua: Class=eu.faircode.xlua.XLua
11-10 18:44:24.582 25507 25507 W XLua.XLua: Method=hookPackage
11-10 18:44:24.582 25507 25507 W XLua.XLua: Message=Member Method Name=android.webkit.WebView
11-10 18:44:24.583 25507 25507 I XLua.XLua: Class=eu.faircode.xlua.XLua
11-10 18:44:24.583 25507 25507 I XLua.XLua: Method=hookPackage
11-10 18:44:24.583 25507 25507 I XLua.XLua: Message=Created Target Hook: class=android.webkit.WebView
11-10 18:44:24.583 25507 25507 I XLua.XLua: params=(android.content.Context,android.util.AttributeSet,int)
11-10 18:44:24.584 25507 25507 W XLua.XLua: Class=eu.faircode.xlua.XLua
11-10 18:44:24.584 25507 25507 W XLua.XLua: Method=hookPackage
11-10 18:44:24.584 25507 25507 W XLua.XLua: Message=Member Method Name=android.webkit.WebView
11-10 18:44:24.585 25507 25507 I XLua.XLua: Class=eu.faircode.xlua.XLua
11-10 18:44:24.585 25507 25507 I XLua.XLua: Method=hookPackage
11-10 18:44:24.585 25507 25507 I XLua.XLua: Message=Created Target Hook: class=android.webkit.WebView
11-10 18:44:24.585 25507 25507 I XLua.XLua: params=(android.content.Context,android.util.AttributeSet,int,int)
11-10 18:44:24.585 25507 25507 W XLua.XLua: Class=eu.faircode.xlua.XLua
11-10 18:44:24.585 25507 25507 W XLua.XLua: Method=hookPackage
11-10 18:44:24.585 25507 25507 W XLua.XLua: Message=Member Method Name=android.webkit.WebView
11-10 18:44:24.589 25507 25507 I XLua.XLua: Class=eu.faircode.xlua.XLua
11-10 18:44:24.589 25507 25507 I XLua.XLua: Method=hookPackage
11-10 18:44:24.589 25507 25507 I XLua.XLua: Message=Created Target Hook: class=android.webkit.WebView
11-10 18:44:24.589 25507 25507 I XLua.XLua: params=(android.content.Context,android.util.AttributeSet,int,int,java.util.Map,boolean)
11-10 18:44:24.589 25507 25507 W XLua.XLua: Class=eu.faircode.xlua.XLua
11-10 18:44:24.589 25507 25507 W XLua.XLua: Method=hookPackage
11-10 18:44:24.589 25507 25507 W XLua.XLua: Message=Member Method Name=android.webkit.WebView
11-10 18:44:24.590 25507 25507 I XLua.XLua: Class=eu.faircode.xlua.XLua
11-10 18:44:24.590 25507 25507 I XLua.XLua: Method=hookPackage
11-10 18:44:24.590 25507 25507 I XLua.XLua: Message=Created Target Hook: class=android.webkit.WebView
11-10 18:44:24.590 25507 25507 I XLua.XLua: params=(android.content.Context,android.util.AttributeSet,int,java.util.Map)
11-10 18:44:24.591 25507 25507 I XLua.ReflectUtil: class android.webkit.WebView
11-10 18:44:24.591 25507 25507 I XLua.ReflectUtil:     public android.webkit.WebView(android.content.Context)
11-10 18:44:24.591 25507 25507 I XLua.ReflectUtil:     public android.webkit.WebView(android.content.Context,android.util.AttributeSet)
11-10 18:44:24.591 25507 25507 I XLua.ReflectUtil:     public android.webkit.WebView(android.content.Context,android.util.AttributeSet,int)
11-10 18:44:24.591 25507 25507 I XLua.ReflectUtil:     public android.webkit.WebView(android.content.Context,android.util.AttributeSet,int,int)
11-10 18:44:24.591 25507 25507 I XLua.ReflectUtil:     protected android.webkit.WebView(android.content.Context,android.util.AttributeSet,int,int,java.util.Map,boolean)
11-10 18:44:24.591 25507 25507 I XLua.ReflectUtil:     protected android.webkit.WebView(android.content.Context,android.util.AttributeSet,int,java.util.Map,boolean)
11-10 18:44:24.591 25507 25507 I XLua.ReflectUtil:     public android.webkit.WebView(android.content.Context,android.util.AttributeSet,int,boolean)
11-10 18:44:24.591 25507 25507 I XLua.ReflectUtil: class android.widget.AbsoluteLayout
11-10 18:44:24.591 25507 25507 I XLua.ReflectUtil:     public android.widget.AbsoluteLayout(android.content.Context)
11-10 18:44:24.591 25507 25507 I XLua.ReflectUtil:     public android.widget.AbsoluteLayout(android.content.Context,android.util.AttributeSet)
11-10 18:44:24.591 25507 25507 I XLua.ReflectUtil:     public android.widget.AbsoluteLayout(android.content.Context,android.util.AttributeSet,int)
11-10 18:44:24.591 25507 25507 I XLua.ReflectUtil:     public android.widget.AbsoluteLayout(android.content.Context,android.util.AttributeSet,int,int)
11-10 18:44:24.591 25507 25507 I XLua.ReflectUtil: class android.view.ViewGroup
11-10 18:44:24.591 25507 25507 I XLua.ReflectUtil:     public android.view.ViewGroup(android.content.Context)
11-10 18:44:24.591 25507 25507 I XLua.ReflectUtil:     public android.view.ViewGroup(android.content.Context,android.util.AttributeSet)
11-10 18:44:24.591 25507 25507 I XLua.ReflectUtil:     public android.view.ViewGroup(android.content.Context,android.util.AttributeSet,int)
11-10 18:44:24.591 25507 25507 I XLua.ReflectUtil:     public android.view.ViewGroup(android.content.Context,android.util.AttributeSet,int,int)
11-10 18:44:24.591 25507 25507 I XLua.ReflectUtil: class android.view.View
11-10 18:44:24.591 25507 25507 I XLua.ReflectUtil:     android.view.View()
